packages/backend/src/services/NetworkTrafficService.ts(6,31): error TS2307: Cannot find module '../database/connection' or its corresponding type declarations.
