yarn run v1.22.22
$ yarn workspace @gatrix/frontend build
$ tsc --noEmit && cross-env NODE_OPTIONS=--max-old-space-size=8192 vite build
?뵩 Vite proxy configuration: {
  isDocker: false,
  backendUrl: 'http://localhost:45000',
  environment: 'production',
  dockerEnvVar: undefined,
  viteDockerEnvVar: undefined
}
[36mvite v4.5.0 [32mbuilding for production...[36m[39m
transforming...
