yarn workspace v1.22.22
yarn run v1.22.22
node.exe : warning package.json: "dependencies" has dependency "@
types/react-grid-layout" with range "^2.1.0" that collides with a
 dependency in "devDependencies" of the same name with version "1
.3.5"
위치 C:\Users\jhseo\AppData\Roaming\npm\yarn.ps1:24 문자:5
+     & "node$exe"  "$basedir/node_modules/yarn/bin/yarn.js" $arg
s
+     ~~~~~~~~~~~~~~~~~~~~~~~~~~~~~~~~~~~~~~~~~~~~~~~~~~~~~~~~~~~
~
    + CategoryInfo          : NotSpecified: (warning package...v 
   ersion "1.3.5":String) [], RemoteException
    + FullyQualifiedErrorId : NativeCommandError
 
$ C:\work\uwo\gatrix\node_modules\.bin\tsc src/pages/game/FeatureFlagDetailPage.tsx --noEmit --esModuleInterop --skipLibCheck --jsx react-jsx --target esnext --module esnext --moduleResolution node
error TS2688: Cannot find type definition file for 'react-grid-layout'.
  The file is in the program because:
    Entry point for implicit type library 'react-grid-layout'
error Command failed with exit code 2.
info Visit https://yarnpkg.com/en/docs/cli/run for documentation about this command.
error Command failed.
Exit code: 2
Command: C:\nvm4w\nodejs\node.exe
Arguments: C:\Users\jhseo\AppData\Roaming\npm\node_modules\yarn\l
ib\cli.js tsc src/pages/game/FeatureFlagDetailPage.tsx --noEmit -
-esModuleInterop --skipLibCheck --jsx react-jsx --target esnext -
-module esnext --moduleResolution node
Directory: C:\work\uwo\gatrix\packages\frontend
Output:

info Visit https://yarnpkg.com/en/docs/cli/workspace for documentation about this command.
